Using an excessive number of cores has a diminishing return! It is recommended not to exceed 8 cores per trimming process (you asked for 8 cores). Please consider re-specifying
Path to Cutadapt set as: 'cutadapt' (default)
Cutadapt seems to be working fine (tested command 'cutadapt --version')
Cutadapt version: 4.9
Could not detect version of Python used by Cutadapt from the first line of Cutadapt (but found this: >>>#!/bin/sh<<<)
Letting the (modified) Cutadapt deal with the Python version instead
Parallel gzip (pigz) detected. Proceeding with multicore (de)compression using 8 cores

No quality encoding type selected. Assuming that the data provided uses Sanger encoded Phred scores (default)

Output will be written into the directory: /projects/b1198/epifluidlab/eric/projects/scnomehic_opt/03.trimmed_fastq_snakemake/


AUTO-DETECTING ADAPTER TYPE
===========================
Attempting to auto-detect adapter type from the first 1 million sequences of the first file (>> 01.demul_fastq_snakemake/scNH_WBC_9_S9.GCCAAT.R1.fastq.gz <<)

Found perfect matches for the following adapter sequences:
Adapter type	Count	Sequence	Sequences analysed	Percentage
Illumina	843425	AGATCGGAAGAGC	1000000	84.34
smallRNA	0	TGGAATTCTCGG	1000000	0.00
Nextera	0	CTGTCTCTTATA	1000000	0.00
Using Illumina adapter for trimming (count: 843425). Second best hit was smallRNA (count: 0)

Writing report to '/projects/b1198/epifluidlab/eric/projects/scnomehic_opt/03.trimmed_fastq_snakemake/scNH_WBC_9_S9.GCCAAT.R1.fastq.gz_trimming_report.txt'

SUMMARISING RUN PARAMETERS
==========================
Input filename: 01.demul_fastq_snakemake/scNH_WBC_9_S9.GCCAAT.R1.fastq.gz
Trimming mode: paired-end
Trim Galore version: 0.6.7
Cutadapt version: 4.9
Python version: could not detect
Number of cores used for trimming: 8
Quality Phred score cutoff: 20
Quality encoding type selected: ASCII+33
Adapter sequence: 'AGATCGGAAGAGC' (Illumina TruSeq, Sanger iPCR; auto-detected)
Maximum trimming error rate: 0.1 (default)
Minimum required adapter overlap (stringency): 1 bp
Minimum required sequence length for both reads before a sequence pair gets removed: 20 bp
All Read 1 sequences will be trimmed by 15 bp from their 5' end to avoid poor qualities or biases
All Read 2 sequences will be trimmed by 15 bp from their 5' end to avoid poor qualities or biases (e.g. M-bias for BS-Seq applications)
All Read 1 sequences will be trimmed by 5 bp from their 3' end to avoid poor qualities or biases
All Read 2 sequences will be trimmed by 5 bp from their 3' end to avoid poor qualities or biases
Running FastQC on the data once trimming has completed
Running FastQC with the following extra arguments: '--outdir 02.fastqc_out_snakemake -t 32'
Output file(s) will be GZIP compressed

Cutadapt seems to be fairly up-to-date (version 4.9). Setting -j 8
Writing final adapter and quality trimmed output to scNH_WBC_9_S9.GCCAAT.R1_trimmed.fq.gz


  >>> Now performing quality (cutoff '-q 20') and adapter trimming in a single pass for the adapter sequence: 'AGATCGGAAGAGC' from file 01.demul_fastq_snakemake/scNH_WBC_9_S9.GCCAAT.R1.fastq.gz <<< 
This is cutadapt 4.9 with Python 3.12.3
Command line parameters: -j 8 -e 0.1 -q 20 -O 1 -a AGATCGGAAGAGC 01.demul_fastq_snakemake/scNH_WBC_9_S9.GCCAAT.R1.fastq.gz
Processing single-end reads on 8 cores ...
Finished in 10.018 s (2.773 µs/read; 21.64 M reads/minute).

=== Summary ===

Total reads processed:               3,612,722
Reads with adapters:                 3,325,528 (92.1%)
Reads written (passing filters):     3,612,722 (100.0%)

Total basepairs processed:   516,619,246 bp
Quality-trimmed:               4,244,768 bp (0.8%)
Total written (filtered):    162,649,084 bp (31.5%)

=== Adapter 1 ===

Sequence: AGATCGGAAGAGC; Type: regular 3'; Length: 13; Trimmed: 3325528 times

Minimum overlap: 1
No. of allowed errors:
1-9 bp: 0; 10-13 bp: 1

Bases preceding removed adapters:
  A: 4.2%
  C: 73.8%
  G: 0.3%
  T: 21.7%
  none/other: 0.0%

Overview of removed sequences
length	count	expect	max.err	error counts
1	219323	903180.5	0	219323
2	906	225795.1	0	906
3	4790	56448.8	0	4790
4	2822	14112.2	0	2822
5	5949	3528.0	0	5949
6	192	882.0	0	192
7	161	220.5	0	161
8	1510	55.1	0	1510
9	2719	13.8	0	2716 3
10	213	3.4	1	179 34
11	2178	0.9	1	2074 104
12	225	0.2	1	193 32
13	1798	0.1	1	1650 148
14	1428	0.1	1	1363 65
15	1797	0.1	1	1657 140
16	1663	0.1	1	1556 107
17	3595	0.1	1	3398 197
18	534	0.1	1	411 123
19	1475	0.1	1	1327 148
20	2317	0.1	1	2173 144
21	2021	0.1	1	1837 184
22	339	0.1	1	275 64
23	1483	0.1	1	1397 86
24	1380	0.1	1	1310 70
25	1815	0.1	1	1726 89
26	1145	0.1	1	1050 95
27	2002	0.1	1	1877 125
28	2021	0.1	1	1816 205
29	2771	0.1	1	2639 132
30	409	0.1	1	361 48
31	1362	0.1	1	1265 97
32	1940	0.1	1	1783 157
33	1476	0.1	1	1386 90
34	1751	0.1	1	1611 140
35	1423	0.1	1	1329 94
36	2202	0.1	1	2032 170
37	1359	0.1	1	1246 113
38	2050	0.1	1	1893 157
39	1452	0.1	1	1309 143
40	4238	0.1	1	3891 347
41	711	0.1	1	619 92
42	1718	0.1	1	1570 148
43	2313	0.1	1	2084 229
44	7981	0.1	1	7206 775
45	1876	0.1	1	1650 226
46	12937	0.1	1	12161 776
47	3419	0.1	1	3104 315
48	1037	0.1	1	905 132
49	993	0.1	1	860 133
50	803	0.1	1	680 123
51	1003	0.1	1	896 107
52	1063	0.1	1	953 110
53	1310	0.1	1	1099 211
54	860	0.1	1	718 142
55	769	0.1	1	641 128
56	1246	0.1	1	1018 228
57	1128	0.1	1	924 204
58	1236	0.1	1	1013 223
59	1735	0.1	1	1499 236
60	1627	0.1	1	1391 236
61	1745	0.1	1	1483 262
62	2138	0.1	1	1846 292
63	1824	0.1	1	1560 264
64	2227	0.1	1	1913 314
65	2739	0.1	1	2368 371
66	4401	0.1	1	4034 367
67	13012	0.1	1	12507 505
68	8614	0.1	1	8193 421
69	2792	0.1	1	2509 283
70	1817	0.1	1	1550 267
71	1665	0.1	1	1436 229
72	1702	0.1	1	1515 187
73	1618	0.1	1	1465 153
74	1367	0.1	1	1222 145
75	1239	0.1	1	1087 152
76	1336	0.1	1	1195 141
77	1967	0.1	1	1801 166
78	2659	0.1	1	2471 188
79	3163	0.1	1	2982 181
80	3744	0.1	1	3545 199
81	4282	0.1	1	4012 270
82	4658	0.1	1	4403 255
83	5142	0.1	1	4814 328
84	5617	0.1	1	5272 345
85	6427	0.1	1	5932 495
86	7470	0.1	1	6934 536
87	8716	0.1	1	8115 601
88	10045	0.1	1	9373 672
89	11889	0.1	1	11168 721
90	14277	0.1	1	13468 809
91	16046	0.1	1	15237 809
92	17671	0.1	1	16773 898
93	20013	0.1	1	19066 947
94	21669	0.1	1	20855 814
95	23318	0.1	1	22494 824
96	24566	0.1	1	23756 810
97	25547	0.1	1	24776 771
98	25949	0.1	1	25090 859
99	26351	0.1	1	25327 1024
100	25856	0.1	1	24750 1106
101	25548	0.1	1	24473 1075
102	25436	0.1	1	24105 1331
103	26248	0.1	1	24940 1308
104	27627	0.1	1	26241 1386
105	29983	0.1	1	28389 1594
106	33223	0.1	1	31515 1708
107	37497	0.1	1	35983 1514
108	42782	0.1	1	41188 1594
109	50525	0.1	1	48692 1833
110	58793	0.1	1	57233 1560
111	70978	0.1	1	68393 2585
112	83161	0.1	1	80392 2769
113	97903	0.1	1	94896 3007
114	112702	0.1	1	110270 2432
115	129599	0.1	1	127556 2043
116	145741	0.1	1	143765 1976
117	155152	0.1	1	153256 1896
118	153254	0.1	1	151370 1884
119	140601	0.1	1	138840 1761
120	123092	0.1	1	121425 1667
121	87836	0.1	1	86494 1342
122	72287	0.1	1	70963 1324
123	67297	0.1	1	65829 1468
124	68155	0.1	1	66478 1677
125	70428	0.1	1	68550 1878
126	75462	0.1	1	73223 2239
127	79228	0.1	1	76088 3140
128	86730	0.1	1	80636 6094
129	86612	0.1	1	81032 5580
130	84777	0.1	1	75961 8816
131	72821	0.1	1	63448 9373
132	55687	0.1	1	50881 4806
133	44780	0.1	1	42847 1933
134	39981	0.1	1	37187 2794
135	21420	0.1	1	18670 2750
136	14607	0.1	1	12906 1701
137	8879	0.1	1	7988 891
138	6306	0.1	1	5499 807
139	5106	0.1	1	4122 984
140	2780	0.1	1	2419 361
141	753	0.1	1	626 127
142	367	0.1	1	296 71
143	107	0.1	1	44 63

RUN STATISTICS FOR INPUT FILE: 01.demul_fastq_snakemake/scNH_WBC_9_S9.GCCAAT.R1.fastq.gz
=============================================
3612722 sequences processed in total
The length threshold of paired-end sequences gets evaluated later on (in the validation step)

Writing report to '/projects/b1198/epifluidlab/eric/projects/scnomehic_opt/03.trimmed_fastq_snakemake/scNH_WBC_9_S9.GCCAAT.R2.fastq.gz_trimming_report.txt'

SUMMARISING RUN PARAMETERS
==========================
Input filename: 01.demul_fastq_snakemake/scNH_WBC_9_S9.GCCAAT.R2.fastq.gz
Trimming mode: paired-end
Trim Galore version: 0.6.7
Cutadapt version: 4.9
Python version: could not detect
Number of cores used for trimming: 8
Quality Phred score cutoff: 20
Quality encoding type selected: ASCII+33
Adapter sequence: 'AGATCGGAAGAGC' (Illumina TruSeq, Sanger iPCR; auto-detected)
Maximum trimming error rate: 0.1 (default)
Minimum required adapter overlap (stringency): 1 bp
Minimum required sequence length for both reads before a sequence pair gets removed: 20 bp
All Read 1 sequences will be trimmed by 15 bp from their 5' end to avoid poor qualities or biases
All Read 2 sequences will be trimmed by 15 bp from their 5' end to avoid poor qualities or biases (e.g. M-bias for BS-Seq applications)
All Read 1 sequences will be trimmed by 5 bp from their 3' end to avoid poor qualities or biases
All Read 2 sequences will be trimmed by 5 bp from their 3' end to avoid poor qualities or biases
Running FastQC on the data once trimming has completed
Running FastQC with the following extra arguments: '--outdir 02.fastqc_out_snakemake -t 32'
Output file(s) will be GZIP compressed

Cutadapt seems to be fairly up-to-date (version 4.9). Setting -j -j 8
Writing final adapter and quality trimmed output to scNH_WBC_9_S9.GCCAAT.R2_trimmed.fq.gz


  >>> Now performing quality (cutoff '-q 20') and adapter trimming in a single pass for the adapter sequence: 'AGATCGGAAGAGC' from file 01.demul_fastq_snakemake/scNH_WBC_9_S9.GCCAAT.R2.fastq.gz <<< 
This is cutadapt 4.9 with Python 3.12.3
Command line parameters: -j 8 -e 0.1 -q 20 -O 1 -a AGATCGGAAGAGC 01.demul_fastq_snakemake/scNH_WBC_9_S9.GCCAAT.R2.fastq.gz
Processing single-end reads on 8 cores ...
Finished in 11.331 s (3.137 µs/read; 19.13 M reads/minute).

=== Summary ===

Total reads processed:               3,612,722
Reads with adapters:                 3,240,893 (89.7%)
Reads written (passing filters):     3,612,722 (100.0%)

Total basepairs processed:   541,908,300 bp
Quality-trimmed:               7,297,922 bp (1.3%)
Total written (filtered):    188,246,991 bp (34.7%)

=== Adapter 1 ===

Sequence: AGATCGGAAGAGC; Type: regular 3'; Length: 13; Trimmed: 3240893 times

Minimum overlap: 1
No. of allowed errors:
1-9 bp: 0; 10-13 bp: 1

Bases preceding removed adapters:
  A: 1.9%
  C: 94.8%
  G: 1.0%
  T: 2.3%
  none/other: 0.0%
WARNING:
    The adapter is preceded by 'C' extremely often.
    The provided adapter sequence could be incomplete at its 5' end.
    Ignore this warning when trimming primers.

Overview of removed sequences
length	count	expect	max.err	error counts
1	135790	903180.5	0	135790
2	23562	225795.1	0	23562
3	12225	56448.8	0	12225
4	8763	14112.2	0	8763
5	660	3528.0	0	660
6	1351	882.0	0	1351
7	1253	220.5	0	1253
8	1664	55.1	0	1664
9	2599	13.8	0	2587 12
10	1119	3.4	1	954 165
11	3745	0.9	1	3554 191
12	2077	0.2	1	1952 125
13	649	0.1	1	524 125
14	1067	0.1	1	938 129
15	4437	0.1	1	4130 307
16	540	0.1	1	323 217
17	1093	0.1	1	896 197
18	4389	0.1	1	3870 519
19	5400	0.1	1	4708 692
20	3248	0.1	1	2769 479
21	1371	0.1	1	1031 340
22	870	0.1	1	658 212
23	1034	0.1	1	807 227
24	1977	0.1	1	1648 329
25	795	0.1	1	641 154
26	1880	0.1	1	1617 263
27	6546	0.1	1	6062 484
28	928	0.1	1	708 220
29	3565	0.1	1	3215 350
30	1088	0.1	1	883 205
31	1562	0.1	1	1364 198
32	583	0.1	1	439 144
33	4918	0.1	1	4547 371
34	1547	0.1	1	1300 247
35	2467	0.1	1	2183 284
36	568	0.1	1	424 144
37	7717	0.1	1	7255 462
38	2651	0.1	1	2383 268
39	1152	0.1	1	951 201
40	2065	0.1	1	1736 329
41	1884	0.1	1	1631 253
42	961	0.1	1	804 157
43	1646	0.1	1	1458 188
44	591	0.1	1	467 124
45	3355	0.1	1	3022 333
46	1658	0.1	1	1440 218
47	965	0.1	1	821 144
48	3199	0.1	1	2970 229
49	1967	0.1	1	1778 189
50	1145	0.1	1	968 177
51	2085	0.1	1	1883 202
52	1912	0.1	1	1583 329
53	1907	0.1	1	1730 177
54	1100	0.1	1	914 186
55	2521	0.1	1	2280 241
56	1175	0.1	1	990 185
57	2327	0.1	1	2093 234
58	2599	0.1	1	2311 288
59	2545	0.1	1	2225 320
60	2108	0.1	1	1847 261
61	1807	0.1	1	1573 234
62	1673	0.1	1	1438 235
63	1592	0.1	1	1369 223
64	2086	0.1	1	1797 289
65	1819	0.1	1	1562 257
66	2030	0.1	1	1776 254
67	1972	0.1	1	1707 265
68	3671	0.1	1	3352 319
69	2090	0.1	1	1848 242
70	6723	0.1	1	6143 580
71	3893	0.1	1	3521 372
72	4959	0.1	1	4560 399
73	5736	0.1	1	5268 468
74	6286	0.1	1	5772 514
75	7144	0.1	1	6624 520
76	2638	0.1	1	2320 318
77	1373	0.1	1	1154 219
78	2519	0.1	1	2218 301
79	3819	0.1	1	3454 365
80	4110	0.1	1	3720 390
81	4742	0.1	1	4284 458
82	5078	0.1	1	4666 412
83	5514	0.1	1	5058 456
84	5855	0.1	1	5396 459
85	6357	0.1	1	5820 537
86	7284	0.1	1	6691 593
87	7962	0.1	1	7375 587
88	8943	0.1	1	8225 718
89	10336	0.1	1	9461 875
90	11496	0.1	1	10615 881
91	12669	0.1	1	11819 850
92	14578	0.1	1	13668 910
93	16556	0.1	1	15524 1032
94	18617	0.1	1	17506 1111
95	20955	0.1	1	19715 1240
96	22805	0.1	1	21590 1215
97	23585	0.1	1	22252 1333
98	25021	0.1	1	23716 1305
99	25243	0.1	1	23979 1264
100	25512	0.1	1	24154 1358
101	25246	0.1	1	23973 1273
102	25198	0.1	1	24049 1149
103	24769	0.1	1	23706 1063
104	25757	0.1	1	24669 1088
105	27563	0.1	1	26449 1114
106	30130	0.1	1	28950 1180
107	33706	0.1	1	32463 1243
108	38572	0.1	1	37243 1329
109	44449	0.1	1	43064 1385
110	52429	0.1	1	50741 1688
111	61191	0.1	1	59357 1834
112	72144	0.1	1	70128 2016
113	83821	0.1	1	81559 2262
114	97546	0.1	1	95114 2432
115	112457	0.1	1	109817 2640
116	129667	0.1	1	126761 2906
117	144785	0.1	1	141805 2980
118	153418	0.1	1	150622 2796
119	151467	0.1	1	148569 2898
120	138790	0.1	1	136180 2610
121	120985	0.1	1	118543 2442
122	87009	0.1	1	84895 2114
123	71533	0.1	1	69562 1971
124	66633	0.1	1	64641 1992
125	67042	0.1	1	64953 2089
126	69137	0.1	1	67054 2083
127	73629	0.1	1	71421 2208
128	76338	0.1	1	73918 2420
129	80890	0.1	1	78414 2476
130	81052	0.1	1	78364 2688
131	75824	0.1	1	73436 2388
132	63187	0.1	1	60963 2224
133	51401	0.1	1	49499 1902
134	43184	0.1	1	41483 1701
135	37716	0.1	1	36163 1553
136	19056	0.1	1	18033 1023
137	13453	0.1	1	12613 840
138	8515	0.1	1	7853 662
139	6065	0.1	1	5476 589
140	4509	0.1	1	4085 424
141	2927	0.1	1	2555 372
142	912	0.1	1	707 205
143	473	0.1	1	344 129
144	180	0.1	1	93 87
145	97	0.1	1	7 90
146	104	0.1	1	9 95
147	106	0.1	1	12 94
148	95	0.1	1	9 86
149	54	0.1	1	2 52
150	69	0.1	1	4 65


WARNING:
    One or more of your adapter sequences may be incomplete.
    Please see the detailed output above.

RUN STATISTICS FOR INPUT FILE: 01.demul_fastq_snakemake/scNH_WBC_9_S9.GCCAAT.R2.fastq.gz
=============================================
3612722 sequences processed in total
The length threshold of paired-end sequences gets evaluated later on (in the validation step)

Validate paired-end files scNH_WBC_9_S9.GCCAAT.R1_trimmed.fq.gz and scNH_WBC_9_S9.GCCAAT.R2_trimmed.fq.gz
file_1: scNH_WBC_9_S9.GCCAAT.R1_trimmed.fq.gz, file_2: scNH_WBC_9_S9.GCCAAT.R2_trimmed.fq.gz


>>>>> Now validing the length of the 2 paired-end infiles: scNH_WBC_9_S9.GCCAAT.R1_trimmed.fq.gz and scNH_WBC_9_S9.GCCAAT.R2_trimmed.fq.gz <<<<<
Writing validated paired-end Read 1 reads to scNH_WBC_9_S9.GCCAAT.R1_val_1.fq.gz
Writing validated paired-end Read 2 reads to scNH_WBC_9_S9.GCCAAT.R2_val_2.fq.gz

Total number of sequences analysed: 3612722

Number of sequence pairs removed because at least one read was shorter than the length cutoff (20 bp): 2613491 (72.34%)


  >>> Now running FastQC on the validated data scNH_WBC_9_S9.GCCAAT.R1_val_1.fq.gz<<<

Started analysis of scNH_WBC_9_S9.GCCAAT.R1_val_1.fq.gz
Approx 5% complete for scNH_WBC_9_S9.GCCAAT.R1_val_1.fq.gz
Approx 10% complete for scNH_WBC_9_S9.GCCAAT.R1_val_1.fq.gz
Approx 15% complete for scNH_WBC_9_S9.GCCAAT.R1_val_1.fq.gz
Approx 20% complete for scNH_WBC_9_S9.GCCAAT.R1_val_1.fq.gz
Approx 25% complete for scNH_WBC_9_S9.GCCAAT.R1_val_1.fq.gz
Approx 30% complete for scNH_WBC_9_S9.GCCAAT.R1_val_1.fq.gz
Approx 35% complete for scNH_WBC_9_S9.GCCAAT.R1_val_1.fq.gz
Approx 40% complete for scNH_WBC_9_S9.GCCAAT.R1_val_1.fq.gz
Approx 45% complete for scNH_WBC_9_S9.GCCAAT.R1_val_1.fq.gz
Approx 50% complete for scNH_WBC_9_S9.GCCAAT.R1_val_1.fq.gz
Approx 55% complete for scNH_WBC_9_S9.GCCAAT.R1_val_1.fq.gz
Approx 60% complete for scNH_WBC_9_S9.GCCAAT.R1_val_1.fq.gz
Approx 65% complete for scNH_WBC_9_S9.GCCAAT.R1_val_1.fq.gz
Approx 70% complete for scNH_WBC_9_S9.GCCAAT.R1_val_1.fq.gz
Approx 75% complete for scNH_WBC_9_S9.GCCAAT.R1_val_1.fq.gz
Approx 80% complete for scNH_WBC_9_S9.GCCAAT.R1_val_1.fq.gz
Approx 85% complete for scNH_WBC_9_S9.GCCAAT.R1_val_1.fq.gz
Approx 90% complete for scNH_WBC_9_S9.GCCAAT.R1_val_1.fq.gz
Approx 95% complete for scNH_WBC_9_S9.GCCAAT.R1_val_1.fq.gz

  >>> Now running FastQC on the validated data scNH_WBC_9_S9.GCCAAT.R2_val_2.fq.gz<<<

Started analysis of scNH_WBC_9_S9.GCCAAT.R2_val_2.fq.gz
Approx 5% complete for scNH_WBC_9_S9.GCCAAT.R2_val_2.fq.gz
Approx 10% complete for scNH_WBC_9_S9.GCCAAT.R2_val_2.fq.gz
Approx 15% complete for scNH_WBC_9_S9.GCCAAT.R2_val_2.fq.gz
Approx 20% complete for scNH_WBC_9_S9.GCCAAT.R2_val_2.fq.gz
Approx 25% complete for scNH_WBC_9_S9.GCCAAT.R2_val_2.fq.gz
Approx 30% complete for scNH_WBC_9_S9.GCCAAT.R2_val_2.fq.gz
Approx 35% complete for scNH_WBC_9_S9.GCCAAT.R2_val_2.fq.gz
Approx 40% complete for scNH_WBC_9_S9.GCCAAT.R2_val_2.fq.gz
Approx 45% complete for scNH_WBC_9_S9.GCCAAT.R2_val_2.fq.gz
Approx 50% complete for scNH_WBC_9_S9.GCCAAT.R2_val_2.fq.gz
Approx 55% complete for scNH_WBC_9_S9.GCCAAT.R2_val_2.fq.gz
Approx 60% complete for scNH_WBC_9_S9.GCCAAT.R2_val_2.fq.gz
Approx 65% complete for scNH_WBC_9_S9.GCCAAT.R2_val_2.fq.gz
Approx 70% complete for scNH_WBC_9_S9.GCCAAT.R2_val_2.fq.gz
Approx 75% complete for scNH_WBC_9_S9.GCCAAT.R2_val_2.fq.gz
Approx 80% complete for scNH_WBC_9_S9.GCCAAT.R2_val_2.fq.gz
Approx 85% complete for scNH_WBC_9_S9.GCCAAT.R2_val_2.fq.gz
Approx 90% complete for scNH_WBC_9_S9.GCCAAT.R2_val_2.fq.gz
Approx 95% complete for scNH_WBC_9_S9.GCCAAT.R2_val_2.fq.gz
Deleting both intermediate output files scNH_WBC_9_S9.GCCAAT.R1_trimmed.fq.gz and scNH_WBC_9_S9.GCCAAT.R2_trimmed.fq.gz

====================================================================================================

