Using an excessive number of cores has a diminishing return! It is recommended not to exceed 8 cores per trimming process (you asked for 8 cores). Please consider re-specifying
Path to Cutadapt set as: 'cutadapt' (default)
Cutadapt seems to be working fine (tested command 'cutadapt --version')
Cutadapt version: 4.9
Could not detect version of Python used by Cutadapt from the first line of Cutadapt (but found this: >>>#!/bin/sh<<<)
Letting the (modified) Cutadapt deal with the Python version instead
Parallel gzip (pigz) detected. Proceeding with multicore (de)compression using 8 cores

No quality encoding type selected. Assuming that the data provided uses Sanger encoded Phred scores (default)

Output will be written into the directory: /projects/b1198/epifluidlab/eric/projects/scnomehic_opt/03.trimmed_fastq_snakemake/


AUTO-DETECTING ADAPTER TYPE
===========================
Attempting to auto-detect adapter type from the first 1 million sequences of the first file (>> 01.demul_fastq_snakemake/scNH_WBC_8_S8.GCCAAT.R1.fastq.gz <<)

Found perfect matches for the following adapter sequences:
Adapter type	Count	Sequence	Sequences analysed	Percentage
Illumina	904943	AGATCGGAAGAGC	1000000	90.49
smallRNA	0	TGGAATTCTCGG	1000000	0.00
Nextera	0	CTGTCTCTTATA	1000000	0.00
Using Illumina adapter for trimming (count: 904943). Second best hit was smallRNA (count: 0)

Writing report to '/projects/b1198/epifluidlab/eric/projects/scnomehic_opt/03.trimmed_fastq_snakemake/scNH_WBC_8_S8.GCCAAT.R1.fastq.gz_trimming_report.txt'

SUMMARISING RUN PARAMETERS
==========================
Input filename: 01.demul_fastq_snakemake/scNH_WBC_8_S8.GCCAAT.R1.fastq.gz
Trimming mode: paired-end
Trim Galore version: 0.6.7
Cutadapt version: 4.9
Python version: could not detect
Number of cores used for trimming: 8
Quality Phred score cutoff: 20
Quality encoding type selected: ASCII+33
Adapter sequence: 'AGATCGGAAGAGC' (Illumina TruSeq, Sanger iPCR; auto-detected)
Maximum trimming error rate: 0.1 (default)
Minimum required adapter overlap (stringency): 1 bp
Minimum required sequence length for both reads before a sequence pair gets removed: 20 bp
All Read 1 sequences will be trimmed by 15 bp from their 5' end to avoid poor qualities or biases
All Read 2 sequences will be trimmed by 15 bp from their 5' end to avoid poor qualities or biases (e.g. M-bias for BS-Seq applications)
All Read 1 sequences will be trimmed by 5 bp from their 3' end to avoid poor qualities or biases
All Read 2 sequences will be trimmed by 5 bp from their 3' end to avoid poor qualities or biases
Running FastQC on the data once trimming has completed
Running FastQC with the following extra arguments: '--outdir 02.fastqc_out_snakemake -t 32'
Output file(s) will be GZIP compressed

Cutadapt seems to be fairly up-to-date (version 4.9). Setting -j 8
Writing final adapter and quality trimmed output to scNH_WBC_8_S8.GCCAAT.R1_trimmed.fq.gz


  >>> Now performing quality (cutoff '-q 20') and adapter trimming in a single pass for the adapter sequence: 'AGATCGGAAGAGC' from file 01.demul_fastq_snakemake/scNH_WBC_8_S8.GCCAAT.R1.fastq.gz <<< 
This is cutadapt 4.9 with Python 3.12.3
Command line parameters: -j 8 -e 0.1 -q 20 -O 1 -a AGATCGGAAGAGC 01.demul_fastq_snakemake/scNH_WBC_8_S8.GCCAAT.R1.fastq.gz
Processing single-end reads on 8 cores ...
Finished in 7.757 s (2.820 µs/read; 21.27 M reads/minute).

=== Summary ===

Total reads processed:               2,750,560
Reads with adapters:                 2,620,043 (95.3%)
Reads written (passing filters):     2,750,560 (100.0%)

Total basepairs processed:   393,330,080 bp
Quality-trimmed:               2,511,680 bp (0.6%)
Total written (filtered):    103,816,229 bp (26.4%)

=== Adapter 1 ===

Sequence: AGATCGGAAGAGC; Type: regular 3'; Length: 13; Trimmed: 2620043 times

Minimum overlap: 1
No. of allowed errors:
1-9 bp: 0; 10-13 bp: 1

Bases preceding removed adapters:
  A: 2.6%
  C: 75.5%
  G: 0.2%
  T: 21.7%
  none/other: 0.0%

Overview of removed sequences
length	count	expect	max.err	error counts
1	99557	687640.0	0	99557
2	370	171910.0	0	370
3	1693	42977.5	0	1693
4	952	10744.4	0	952
5	2178	2686.1	0	2178
6	90	671.5	0	90
7	54	167.9	0	54
8	587	42.0	0	587
9	1074	10.5	0	1074
10	87	2.6	1	74 13
11	908	0.7	1	858 50
12	90	0.2	1	72 18
13	700	0.0	1	643 57
14	548	0.0	1	517 31
15	777	0.0	1	724 53
16	717	0.0	1	660 57
17	1312	0.0	1	1244 68
18	243	0.0	1	191 52
19	589	0.0	1	521 68
20	898	0.0	1	832 66
21	1002	0.0	1	920 82
22	142	0.0	1	112 30
23	636	0.0	1	586 50
24	538	0.0	1	499 39
25	740	0.0	1	700 40
26	533	0.0	1	482 51
27	849	0.0	1	774 75
28	849	0.0	1	759 90
29	1080	0.0	1	1025 55
30	186	0.0	1	161 25
31	567	0.0	1	515 52
32	811	0.0	1	749 62
33	712	0.0	1	661 51
34	760	0.0	1	695 65
35	919	0.0	1	835 84
36	884	0.0	1	790 94
37	955	0.0	1	850 105
38	997	0.0	1	917 80
39	1617	0.0	1	1499 118
40	275	0.0	1	242 33
41	641	0.0	1	592 49
42	1549	0.0	1	1414 135
43	845	0.0	1	761 84
44	4764	0.0	1	4414 350
45	900	0.0	1	794 106
46	7123	0.0	1	6833 290
47	3301	0.0	1	3074 227
48	955	0.0	1	871 84
49	863	0.0	1	784 79
50	640	0.0	1	569 71
51	760	0.0	1	683 77
52	1106	0.0	1	985 121
53	1058	0.0	1	950 108
54	491	0.0	1	420 71
55	486	0.0	1	442 44
56	804	0.0	1	691 113
57	563	0.0	1	475 88
58	714	0.0	1	593 121
59	963	0.0	1	839 124
60	841	0.0	1	720 121
61	871	0.0	1	746 125
62	1268	0.0	1	1101 167
63	891	0.0	1	762 129
64	1102	0.0	1	930 172
65	1521	0.0	1	1322 199
66	3052	0.0	1	2816 236
67	7118	0.0	1	6828 290
68	2467	0.0	1	2199 268
69	907	0.0	1	766 141
70	925	0.0	1	767 158
71	1024	0.0	1	870 154
72	1052	0.0	1	937 115
73	1062	0.0	1	973 89
74	941	0.0	1	847 94
75	725	0.0	1	637 88
76	857	0.0	1	748 109
77	1270	0.0	1	1179 91
78	1743	0.0	1	1629 114
79	2271	0.0	1	2147 124
80	2629	0.0	1	2496 133
81	2834	0.0	1	2692 142
82	3109	0.0	1	2954 155
83	3539	0.0	1	3348 191
84	4035	0.0	1	3804 231
85	4661	0.0	1	4356 305
86	5405	0.0	1	5122 283
87	6323	0.0	1	5993 330
88	7685	0.0	1	7305 380
89	9151	0.0	1	8737 414
90	10630	0.0	1	10188 442
91	12596	0.0	1	12063 533
92	13796	0.0	1	13362 434
93	15869	0.0	1	15373 496
94	17513	0.0	1	16943 570
95	18689	0.0	1	18163 526
96	20211	0.0	1	19681 530
97	20933	0.0	1	20423 510
98	21441	0.0	1	20907 534
99	21903	0.0	1	21159 744
100	21519	0.0	1	20804 715
101	21309	0.0	1	20514 795
102	21247	0.0	1	20308 939
103	21607	0.0	1	20791 816
104	22949	0.0	1	21953 996
105	25230	0.0	1	24099 1131
106	28227	0.0	1	27009 1218
107	32376	0.0	1	31201 1175
108	37291	0.0	1	36127 1164
109	43835	0.0	1	42510 1325
110	52326	0.0	1	51142 1184
111	63188	0.0	1	61358 1830
112	74294	0.0	1	72215 2079
113	87714	0.0	1	85364 2350
114	101292	0.0	1	99300 1992
115	116442	0.0	1	114816 1626
116	131388	0.0	1	129788 1600
117	139924	0.0	1	138367 1557
118	137984	0.0	1	136392 1592
119	125419	0.0	1	123983 1436
120	108401	0.0	1	107064 1337
121	75684	0.0	1	74610 1074
122	60111	0.0	1	59074 1037
123	54854	0.0	1	53773 1081
124	53187	0.0	1	51981 1206
125	54018	0.0	1	52668 1350
126	55482	0.0	1	53834 1648
127	58176	0.0	1	55806 2370
128	61500	0.0	1	56830 4670
129	59052	0.0	1	54874 4178
130	57968	0.0	1	51415 6553
131	51343	0.0	1	44307 7036
132	40508	0.0	1	36852 3656
133	32265	0.0	1	30722 1543
134	28636	0.0	1	26408 2228
135	18662	0.0	1	16293 2369
136	12156	0.0	1	10850 1306
137	7561	0.0	1	6886 675
138	5406	0.0	1	4722 684
139	4167	0.0	1	3357 810
140	2370	0.0	1	2033 337
141	676	0.0	1	589 87
142	327	0.0	1	277 50
143	110	0.0	1	49 61

RUN STATISTICS FOR INPUT FILE: 01.demul_fastq_snakemake/scNH_WBC_8_S8.GCCAAT.R1.fastq.gz
=============================================
2750560 sequences processed in total
The length threshold of paired-end sequences gets evaluated later on (in the validation step)

Writing report to '/projects/b1198/epifluidlab/eric/projects/scnomehic_opt/03.trimmed_fastq_snakemake/scNH_WBC_8_S8.GCCAAT.R2.fastq.gz_trimming_report.txt'

SUMMARISING RUN PARAMETERS
==========================
Input filename: 01.demul_fastq_snakemake/scNH_WBC_8_S8.GCCAAT.R2.fastq.gz
Trimming mode: paired-end
Trim Galore version: 0.6.7
Cutadapt version: 4.9
Python version: could not detect
Number of cores used for trimming: 8
Quality Phred score cutoff: 20
Quality encoding type selected: ASCII+33
Adapter sequence: 'AGATCGGAAGAGC' (Illumina TruSeq, Sanger iPCR; auto-detected)
Maximum trimming error rate: 0.1 (default)
Minimum required adapter overlap (stringency): 1 bp
Minimum required sequence length for both reads before a sequence pair gets removed: 20 bp
All Read 1 sequences will be trimmed by 15 bp from their 5' end to avoid poor qualities or biases
All Read 2 sequences will be trimmed by 15 bp from their 5' end to avoid poor qualities or biases (e.g. M-bias for BS-Seq applications)
All Read 1 sequences will be trimmed by 5 bp from their 3' end to avoid poor qualities or biases
All Read 2 sequences will be trimmed by 5 bp from their 3' end to avoid poor qualities or biases
Running FastQC on the data once trimming has completed
Running FastQC with the following extra arguments: '--outdir 02.fastqc_out_snakemake -t 32'
Output file(s) will be GZIP compressed

Cutadapt seems to be fairly up-to-date (version 4.9). Setting -j -j 8
Writing final adapter and quality trimmed output to scNH_WBC_8_S8.GCCAAT.R2_trimmed.fq.gz


  >>> Now performing quality (cutoff '-q 20') and adapter trimming in a single pass for the adapter sequence: 'AGATCGGAAGAGC' from file 01.demul_fastq_snakemake/scNH_WBC_8_S8.GCCAAT.R2.fastq.gz <<< 
This is cutadapt 4.9 with Python 3.12.3
Command line parameters: -j 8 -e 0.1 -q 20 -O 1 -a AGATCGGAAGAGC 01.demul_fastq_snakemake/scNH_WBC_8_S8.GCCAAT.R2.fastq.gz
Processing single-end reads on 8 cores ...
Finished in 8.552 s (3.109 µs/read; 19.30 M reads/minute).

=== Summary ===

Total reads processed:               2,750,560
Reads with adapters:                 2,563,474 (93.2%)
Reads written (passing filters):     2,750,560 (100.0%)

Total basepairs processed:   412,584,000 bp
Quality-trimmed:               5,602,027 bp (1.4%)
Total written (filtered):    123,523,613 bp (29.9%)

=== Adapter 1 ===

Sequence: AGATCGGAAGAGC; Type: regular 3'; Length: 13; Trimmed: 2563474 times

Minimum overlap: 1
No. of allowed errors:
1-9 bp: 0; 10-13 bp: 1

Bases preceding removed adapters:
  A: 1.0%
  C: 97.1%
  G: 0.6%
  T: 1.3%
  none/other: 0.0%
WARNING:
    The adapter is preceded by 'C' extremely often.
    The provided adapter sequence could be incomplete at its 5' end.
    Ignore this warning when trimming primers.

Overview of removed sequences
length	count	expect	max.err	error counts
1	58539	687640.0	0	58539
2	9445	171910.0	0	9445
3	4965	42977.5	0	4965
4	3490	10744.4	0	3490
5	373	2686.1	0	373
6	542	671.5	0	542
7	514	167.9	0	514
8	646	42.0	0	646
9	1104	10.5	0	1100 4
10	490	2.6	1	412 78
11	1466	0.7	1	1374 92
12	840	0.2	1	759 81
13	273	0.0	1	210 63
14	485	0.0	1	416 69
15	1934	0.0	1	1775 159
16	373	0.0	1	225 148
17	560	0.0	1	433 127
18	2324	0.0	1	1968 356
19	3101	0.0	1	2613 488
20	1821	0.0	1	1479 342
21	820	0.0	1	627 193
22	520	0.0	1	393 127
23	585	0.0	1	458 127
24	1153	0.0	1	932 221
25	483	0.0	1	388 95
26	1049	0.0	1	871 178
27	4267	0.0	1	3891 376
28	743	0.0	1	572 171
29	3307	0.0	1	3042 265
30	1175	0.0	1	1000 175
31	1022	0.0	1	857 165
32	589	0.0	1	490 99
33	3285	0.0	1	2995 290
34	2011	0.0	1	1776 235
35	1140	0.0	1	1012 128
36	1800	0.0	1	1612 188
37	3137	0.0	1	2894 243
38	1229	0.0	1	1062 167
39	1024	0.0	1	905 119
40	600	0.0	1	509 91
41	1391	0.0	1	1229 162
42	940	0.0	1	834 106
43	1377	0.0	1	1260 117
44	340	0.0	1	278 62
45	2129	0.0	1	1929 200
46	1708	0.0	1	1544 164
47	905	0.0	1	814 91
48	2332	0.0	1	2216 116
49	1050	0.0	1	955 95
50	883	0.0	1	777 106
51	905	0.0	1	812 93
52	1566	0.0	1	1397 169
53	1002	0.0	1	889 113
54	632	0.0	1	548 84
55	1526	0.0	1	1400 126
56	706	0.0	1	580 126
57	1161	0.0	1	1042 119
58	1498	0.0	1	1360 138
59	1756	0.0	1	1578 178
60	1316	0.0	1	1156 160
61	1027	0.0	1	916 111
62	1456	0.0	1	1320 136
63	981	0.0	1	856 125
64	1281	0.0	1	1142 139
65	1272	0.0	1	1099 173
66	1129	0.0	1	1002 127
67	1353	0.0	1	1196 157
68	1919	0.0	1	1737 182
69	1099	0.0	1	956 143
70	3697	0.0	1	3444 253
71	2114	0.0	1	1917 197
72	2553	0.0	1	2360 193
73	3388	0.0	1	3155 233
74	3462	0.0	1	3193 269
75	4605	0.0	1	4288 317
76	2232	0.0	1	2026 206
77	852	0.0	1	719 133
78	1178	0.0	1	1010 168
79	1911	0.0	1	1727 184
80	2649	0.0	1	2467 182
81	3035	0.0	1	2846 189
82	3324	0.0	1	3059 265
83	3635	0.0	1	3365 270
84	4085	0.0	1	3780 305
85	4504	0.0	1	4200 304
86	5088	0.0	1	4721 367
87	5735	0.0	1	5321 414
88	6502	0.0	1	6069 433
89	7760	0.0	1	7227 533
90	8675	0.0	1	8104 571
91	9780	0.0	1	9192 588
92	11387	0.0	1	10757 630
93	13159	0.0	1	12499 660
94	14939	0.0	1	14133 806
95	16883	0.0	1	15977 906
96	18229	0.0	1	17288 941
97	19412	0.0	1	18483 929
98	20369	0.0	1	19397 972
99	20830	0.0	1	19948 882
100	21063	0.0	1	20072 991
101	20889	0.0	1	19988 901
102	20744	0.0	1	19833 911
103	20579	0.0	1	19765 814
104	21305	0.0	1	20488 817
105	22874	0.0	1	22071 803
106	25392	0.0	1	24503 889
107	28858	0.0	1	27915 943
108	33268	0.0	1	32228 1040
109	38590	0.0	1	37486 1104
110	45139	0.0	1	43923 1216
111	53864	0.0	1	52499 1365
112	63822	0.0	1	62199 1623
113	74070	0.0	1	72331 1739
114	87025	0.0	1	85095 1930
115	100296	0.0	1	98164 2132
116	115990	0.0	1	113741 2249
117	129807	0.0	1	127369 2438
118	138289	0.0	1	135884 2405
119	135699	0.0	1	133379 2320
120	123209	0.0	1	121121 2088
121	106119	0.0	1	104240 1879
122	74356	0.0	1	72711 1645
123	59261	0.0	1	57707 1554
124	54035	0.0	1	52595 1440
125	52149	0.0	1	50668 1481
126	52737	0.0	1	51094 1643
127	53928	0.0	1	52375 1553
128	55807	0.0	1	54177 1630
129	56809	0.0	1	55142 1667
130	54820	0.0	1	53084 1736
131	51073	0.0	1	49411 1662
132	43889	0.0	1	42328 1561
133	36820	0.0	1	35478 1342
134	30912	0.0	1	29726 1186
135	26548	0.0	1	25464 1084
136	16416	0.0	1	15640 776
137	11129	0.0	1	10466 663
138	7222	0.0	1	6735 487
139	5079	0.0	1	4645 434
140	3685	0.0	1	3347 338
141	2348	0.0	1	2106 242
142	796	0.0	1	651 145
143	414	0.0	1	318 96
144	160	0.0	1	80 80
145	77	0.0	1	14 63
146	67	0.0	1	8 59
147	56	0.0	1	11 45
148	63	0.0	1	7 56
149	42	0.0	1	3 39
150	49	0.0	1	1 48


WARNING:
    One or more of your adapter sequences may be incomplete.
    Please see the detailed output above.

RUN STATISTICS FOR INPUT FILE: 01.demul_fastq_snakemake/scNH_WBC_8_S8.GCCAAT.R2.fastq.gz
=============================================
2750560 sequences processed in total
The length threshold of paired-end sequences gets evaluated later on (in the validation step)

Validate paired-end files scNH_WBC_8_S8.GCCAAT.R1_trimmed.fq.gz and scNH_WBC_8_S8.GCCAAT.R2_trimmed.fq.gz
file_1: scNH_WBC_8_S8.GCCAAT.R1_trimmed.fq.gz, file_2: scNH_WBC_8_S8.GCCAAT.R2_trimmed.fq.gz


>>>>> Now validing the length of the 2 paired-end infiles: scNH_WBC_8_S8.GCCAAT.R1_trimmed.fq.gz and scNH_WBC_8_S8.GCCAAT.R2_trimmed.fq.gz <<<<<
Writing validated paired-end Read 1 reads to scNH_WBC_8_S8.GCCAAT.R1_val_1.fq.gz
Writing validated paired-end Read 2 reads to scNH_WBC_8_S8.GCCAAT.R2_val_2.fq.gz

Total number of sequences analysed: 2750560

Number of sequence pairs removed because at least one read was shorter than the length cutoff (20 bp): 2166509 (78.77%)


  >>> Now running FastQC on the validated data scNH_WBC_8_S8.GCCAAT.R1_val_1.fq.gz<<<

Started analysis of scNH_WBC_8_S8.GCCAAT.R1_val_1.fq.gz
Approx 5% complete for scNH_WBC_8_S8.GCCAAT.R1_val_1.fq.gz
Approx 10% complete for scNH_WBC_8_S8.GCCAAT.R1_val_1.fq.gz
Approx 15% complete for scNH_WBC_8_S8.GCCAAT.R1_val_1.fq.gz
Approx 20% complete for scNH_WBC_8_S8.GCCAAT.R1_val_1.fq.gz
Approx 25% complete for scNH_WBC_8_S8.GCCAAT.R1_val_1.fq.gz
Approx 30% complete for scNH_WBC_8_S8.GCCAAT.R1_val_1.fq.gz
Approx 35% complete for scNH_WBC_8_S8.GCCAAT.R1_val_1.fq.gz
Approx 40% complete for scNH_WBC_8_S8.GCCAAT.R1_val_1.fq.gz
Approx 45% complete for scNH_WBC_8_S8.GCCAAT.R1_val_1.fq.gz
Approx 50% complete for scNH_WBC_8_S8.GCCAAT.R1_val_1.fq.gz
Approx 55% complete for scNH_WBC_8_S8.GCCAAT.R1_val_1.fq.gz
Approx 60% complete for scNH_WBC_8_S8.GCCAAT.R1_val_1.fq.gz
Approx 65% complete for scNH_WBC_8_S8.GCCAAT.R1_val_1.fq.gz
Approx 70% complete for scNH_WBC_8_S8.GCCAAT.R1_val_1.fq.gz
Approx 75% complete for scNH_WBC_8_S8.GCCAAT.R1_val_1.fq.gz
Approx 80% complete for scNH_WBC_8_S8.GCCAAT.R1_val_1.fq.gz
Approx 85% complete for scNH_WBC_8_S8.GCCAAT.R1_val_1.fq.gz
Approx 90% complete for scNH_WBC_8_S8.GCCAAT.R1_val_1.fq.gz
Approx 95% complete for scNH_WBC_8_S8.GCCAAT.R1_val_1.fq.gz

  >>> Now running FastQC on the validated data scNH_WBC_8_S8.GCCAAT.R2_val_2.fq.gz<<<

Started analysis of scNH_WBC_8_S8.GCCAAT.R2_val_2.fq.gz
Approx 5% complete for scNH_WBC_8_S8.GCCAAT.R2_val_2.fq.gz
Approx 10% complete for scNH_WBC_8_S8.GCCAAT.R2_val_2.fq.gz
Approx 15% complete for scNH_WBC_8_S8.GCCAAT.R2_val_2.fq.gz
Approx 20% complete for scNH_WBC_8_S8.GCCAAT.R2_val_2.fq.gz
Approx 25% complete for scNH_WBC_8_S8.GCCAAT.R2_val_2.fq.gz
Approx 30% complete for scNH_WBC_8_S8.GCCAAT.R2_val_2.fq.gz
Approx 35% complete for scNH_WBC_8_S8.GCCAAT.R2_val_2.fq.gz
Approx 40% complete for scNH_WBC_8_S8.GCCAAT.R2_val_2.fq.gz
Approx 45% complete for scNH_WBC_8_S8.GCCAAT.R2_val_2.fq.gz
Approx 50% complete for scNH_WBC_8_S8.GCCAAT.R2_val_2.fq.gz
Approx 55% complete for scNH_WBC_8_S8.GCCAAT.R2_val_2.fq.gz
Approx 60% complete for scNH_WBC_8_S8.GCCAAT.R2_val_2.fq.gz
Approx 65% complete for scNH_WBC_8_S8.GCCAAT.R2_val_2.fq.gz
Approx 70% complete for scNH_WBC_8_S8.GCCAAT.R2_val_2.fq.gz
Approx 75% complete for scNH_WBC_8_S8.GCCAAT.R2_val_2.fq.gz
Approx 80% complete for scNH_WBC_8_S8.GCCAAT.R2_val_2.fq.gz
Approx 85% complete for scNH_WBC_8_S8.GCCAAT.R2_val_2.fq.gz
Approx 90% complete for scNH_WBC_8_S8.GCCAAT.R2_val_2.fq.gz
Approx 95% complete for scNH_WBC_8_S8.GCCAAT.R2_val_2.fq.gz
Deleting both intermediate output files scNH_WBC_8_S8.GCCAAT.R1_trimmed.fq.gz and scNH_WBC_8_S8.GCCAAT.R2_trimmed.fq.gz

====================================================================================================

