Using an excessive number of cores has a diminishing return! It is recommended not to exceed 8 cores per trimming process (you asked for 8 cores). Please consider re-specifying
Path to Cutadapt set as: 'cutadapt' (default)
Cutadapt seems to be working fine (tested command 'cutadapt --version')
Cutadapt version: 4.9
Could not detect version of Python used by Cutadapt from the first line of Cutadapt (but found this: >>>#!/bin/sh<<<)
Letting the (modified) Cutadapt deal with the Python version instead
Parallel gzip (pigz) detected. Proceeding with multicore (de)compression using 8 cores

No quality encoding type selected. Assuming that the data provided uses Sanger encoded Phred scores (default)

Output will be written into the directory: /projects/b1198/epifluidlab/eric/projects/scnomehic_opt/03.trimmed_fastq_snakemake/


AUTO-DETECTING ADAPTER TYPE
===========================
Attempting to auto-detect adapter type from the first 1 million sequences of the first file (>> 01.demul_fastq_snakemake/scNH_WBC_5_S5.GCCAAT.R1.fastq.gz <<)

Found perfect matches for the following adapter sequences:
Adapter type	Count	Sequence	Sequences analysed	Percentage
Illumina	756137	AGATCGGAAGAGC	1000000	75.61
Nextera	4	CTGTCTCTTATA	1000000	0.00
smallRNA	0	TGGAATTCTCGG	1000000	0.00
Using Illumina adapter for trimming (count: 756137). Second best hit was Nextera (count: 4)

Writing report to '/projects/b1198/epifluidlab/eric/projects/scnomehic_opt/03.trimmed_fastq_snakemake/scNH_WBC_5_S5.GCCAAT.R1.fastq.gz_trimming_report.txt'

SUMMARISING RUN PARAMETERS
==========================
Input filename: 01.demul_fastq_snakemake/scNH_WBC_5_S5.GCCAAT.R1.fastq.gz
Trimming mode: paired-end
Trim Galore version: 0.6.7
Cutadapt version: 4.9
Python version: could not detect
Number of cores used for trimming: 8
Quality Phred score cutoff: 20
Quality encoding type selected: ASCII+33
Adapter sequence: 'AGATCGGAAGAGC' (Illumina TruSeq, Sanger iPCR; auto-detected)
Maximum trimming error rate: 0.1 (default)
Minimum required adapter overlap (stringency): 1 bp
Minimum required sequence length for both reads before a sequence pair gets removed: 20 bp
All Read 1 sequences will be trimmed by 15 bp from their 5' end to avoid poor qualities or biases
All Read 2 sequences will be trimmed by 15 bp from their 5' end to avoid poor qualities or biases (e.g. M-bias for BS-Seq applications)
All Read 1 sequences will be trimmed by 5 bp from their 3' end to avoid poor qualities or biases
All Read 2 sequences will be trimmed by 5 bp from their 3' end to avoid poor qualities or biases
Running FastQC on the data once trimming has completed
Running FastQC with the following extra arguments: '--outdir 02.fastqc_out_snakemake -t 32'
Output file(s) will be GZIP compressed

Cutadapt seems to be fairly up-to-date (version 4.9). Setting -j 8
Writing final adapter and quality trimmed output to scNH_WBC_5_S5.GCCAAT.R1_trimmed.fq.gz


  >>> Now performing quality (cutoff '-q 20') and adapter trimming in a single pass for the adapter sequence: 'AGATCGGAAGAGC' from file 01.demul_fastq_snakemake/scNH_WBC_5_S5.GCCAAT.R1.fastq.gz <<< 
This is cutadapt 4.9 with Python 3.12.3
Command line parameters: -j 8 -e 0.1 -q 20 -O 1 -a AGATCGGAAGAGC 01.demul_fastq_snakemake/scNH_WBC_5_S5.GCCAAT.R1.fastq.gz
Processing single-end reads on 8 cores ...
Finished in 13.214 s (3.058 µs/read; 19.62 M reads/minute).

=== Summary ===

Total reads processed:               4,320,497
Reads with adapters:                 3,772,748 (87.3%)
Reads written (passing filters):     4,320,497 (100.0%)

Total basepairs processed:   617,831,071 bp
Quality-trimmed:               5,688,008 bp (0.9%)
Total written (filtered):    242,700,876 bp (39.3%)

=== Adapter 1 ===

Sequence: AGATCGGAAGAGC; Type: regular 3'; Length: 13; Trimmed: 3772748 times

Minimum overlap: 1
No. of allowed errors:
1-9 bp: 0; 10-13 bp: 1

Bases preceding removed adapters:
  A: 6.9%
  C: 70.4%
  G: 0.3%
  T: 22.4%
  none/other: 0.0%

Overview of removed sequences
length	count	expect	max.err	error counts
1	429419	1080124.2	0	429419
2	901	270031.1	0	901
3	4638	67507.8	0	4638
4	3299	16876.9	0	3299
5	10751	4219.2	0	10751
6	321	1054.8	0	321
7	263	263.7	0	263
8	2934	65.9	0	2934
9	4872	16.5	0	4872
10	308	4.1	1	266 42
11	3982	1.0	1	3761 221
12	334	0.3	1	299 35
13	3229	0.1	1	2921 308
14	2599	0.1	1	2495 104
15	3336	0.1	1	3053 283
16	2785	0.1	1	2629 156
17	6733	0.1	1	6363 370
18	644	0.1	1	528 116
19	2270	0.1	1	2064 206
20	4094	0.1	1	3831 263
21	3740	0.1	1	3368 372
22	366	0.1	1	296 70
23	2742	0.1	1	2593 149
24	2450	0.1	1	2342 108
25	3244	0.1	1	3052 192
26	1980	0.1	1	1830 150
27	3076	0.1	1	2855 221
28	3765	0.1	1	3355 410
29	5232	0.1	1	4987 245
30	464	0.1	1	386 78
31	2244	0.1	1	2076 168
32	3940	0.1	1	3579 361
33	2475	0.1	1	2338 137
34	7775	0.1	1	7222 553
35	865	0.1	1	713 152
36	3838	0.1	1	3637 201
37	691	0.1	1	595 96
38	2872	0.1	1	2687 185
39	4603	0.1	1	4295 308
40	710	0.1	1	633 77
41	2576	0.1	1	2390 186
42	3460	0.1	1	3178 282
43	3253	0.1	1	3004 249
44	12329	0.1	1	11341 988
45	2591	0.1	1	2315 276
46	22234	0.1	1	21141 1093
47	3463	0.1	1	3117 346
48	1265	0.1	1	1119 146
49	1675	0.1	1	1499 176
50	1109	0.1	1	967 142
51	1521	0.1	1	1343 178
52	1848	0.1	1	1631 217
53	2276	0.1	1	1990 286
54	1338	0.1	1	1093 245
55	1056	0.1	1	852 204
56	1932	0.1	1	1579 353
57	1588	0.1	1	1315 273
58	2033	0.1	1	1701 332
59	2644	0.1	1	2247 397
60	2304	0.1	1	2003 301
61	2368	0.1	1	2033 335
62	3033	0.1	1	2665 368
63	2624	0.1	1	2289 335
64	2789	0.1	1	2435 354
65	3452	0.1	1	3014 438
66	5294	0.1	1	4820 474
67	14930	0.1	1	14373 557
68	10956	0.1	1	10426 530
69	2968	0.1	1	2657 311
70	1689	0.1	1	1431 258
71	1692	0.1	1	1447 245
72	1686	0.1	1	1475 211
73	1751	0.1	1	1554 197
74	1576	0.1	1	1392 184
75	1271	0.1	1	1099 172
76	1381	0.1	1	1214 167
77	2048	0.1	1	1885 163
78	2988	0.1	1	2780 208
79	3879	0.1	1	3642 237
80	4450	0.1	1	4203 247
81	5048	0.1	1	4736 312
82	5440	0.1	1	5127 313
83	5673	0.1	1	5329 344
84	6584	0.1	1	6173 411
85	7442	0.1	1	6949 493
86	8536	0.1	1	7971 565
87	9811	0.1	1	9195 616
88	11391	0.1	1	10710 681
89	13224	0.1	1	12463 761
90	15775	0.1	1	14937 838
91	17830	0.1	1	16965 865
92	19604	0.1	1	18622 982
93	22051	0.1	1	21086 965
94	24196	0.1	1	23276 920
95	26217	0.1	1	25357 860
96	27452	0.1	1	26517 935
97	28775	0.1	1	27853 922
98	28891	0.1	1	27982 909
99	29131	0.1	1	28042 1089
100	28771	0.1	1	27662 1109
101	28160	0.1	1	27011 1149
102	28606	0.1	1	27381 1225
103	28752	0.1	1	27513 1239
104	29990	0.1	1	28590 1400
105	32878	0.1	1	31311 1567
106	36800	0.1	1	35013 1787
107	41603	0.1	1	39864 1739
108	47802	0.1	1	46075 1727
109	56413	0.1	1	54525 1888
110	65195	0.1	1	63567 1628
111	78117	0.1	1	75777 2340
112	91564	0.1	1	88927 2637
113	106604	0.1	1	103686 2918
114	122383	0.1	1	119938 2445
115	139295	0.1	1	137266 2029
116	155523	0.1	1	153590 1933
117	164575	0.1	1	162534 2041
118	160258	0.1	1	158261 1997
119	146079	0.1	1	144328 1751
120	125451	0.1	1	123852 1599
121	90714	0.1	1	89316 1398
122	75633	0.1	1	74246 1387
123	71272	0.1	1	69904 1368
124	71473	0.1	1	69890 1583
125	73809	0.1	1	72104 1705
126	77170	0.1	1	75197 1973
127	81023	0.1	1	78261 2762
128	86714	0.1	1	81450 5264
129	84378	0.1	1	79560 4818
130	80520	0.1	1	72916 7604
131	68818	0.1	1	60843 7975
132	53265	0.1	1	48865 4400
133	42551	0.1	1	40750 1801
134	37330	0.1	1	34746 2584
135	21965	0.1	1	19079 2886
136	14509	0.1	1	12929 1580
137	8964	0.1	1	8095 869
138	6168	0.1	1	5305 863
139	4690	0.1	1	3759 931
140	2639	0.1	1	2300 339
141	717	0.1	1	596 121
142	313	0.1	1	264 49
143	119	0.1	1	56 63

RUN STATISTICS FOR INPUT FILE: 01.demul_fastq_snakemake/scNH_WBC_5_S5.GCCAAT.R1.fastq.gz
=============================================
4320497 sequences processed in total
The length threshold of paired-end sequences gets evaluated later on (in the validation step)

Writing report to '/projects/b1198/epifluidlab/eric/projects/scnomehic_opt/03.trimmed_fastq_snakemake/scNH_WBC_5_S5.GCCAAT.R2.fastq.gz_trimming_report.txt'

SUMMARISING RUN PARAMETERS
==========================
Input filename: 01.demul_fastq_snakemake/scNH_WBC_5_S5.GCCAAT.R2.fastq.gz
Trimming mode: paired-end
Trim Galore version: 0.6.7
Cutadapt version: 4.9
Python version: could not detect
Number of cores used for trimming: 8
Quality Phred score cutoff: 20
Quality encoding type selected: ASCII+33
Adapter sequence: 'AGATCGGAAGAGC' (Illumina TruSeq, Sanger iPCR; auto-detected)
Maximum trimming error rate: 0.1 (default)
Minimum required adapter overlap (stringency): 1 bp
Minimum required sequence length for both reads before a sequence pair gets removed: 20 bp
All Read 1 sequences will be trimmed by 15 bp from their 5' end to avoid poor qualities or biases
All Read 2 sequences will be trimmed by 15 bp from their 5' end to avoid poor qualities or biases (e.g. M-bias for BS-Seq applications)
All Read 1 sequences will be trimmed by 5 bp from their 3' end to avoid poor qualities or biases
All Read 2 sequences will be trimmed by 5 bp from their 3' end to avoid poor qualities or biases
Running FastQC on the data once trimming has completed
Running FastQC with the following extra arguments: '--outdir 02.fastqc_out_snakemake -t 32'
Output file(s) will be GZIP compressed

Cutadapt seems to be fairly up-to-date (version 4.9). Setting -j -j 8
Writing final adapter and quality trimmed output to scNH_WBC_5_S5.GCCAAT.R2_trimmed.fq.gz


  >>> Now performing quality (cutoff '-q 20') and adapter trimming in a single pass for the adapter sequence: 'AGATCGGAAGAGC' from file 01.demul_fastq_snakemake/scNH_WBC_5_S5.GCCAAT.R2.fastq.gz <<< 
This is cutadapt 4.9 with Python 3.12.3
Command line parameters: -j 8 -e 0.1 -q 20 -O 1 -a AGATCGGAAGAGC 01.demul_fastq_snakemake/scNH_WBC_5_S5.GCCAAT.R2.fastq.gz
Processing single-end reads on 8 cores ...
Finished in 14.784 s (3.422 µs/read; 17.53 M reads/minute).

=== Summary ===

Total reads processed:               4,320,497
Reads with adapters:                 3,652,652 (84.5%)
Reads written (passing filters):     4,320,497 (100.0%)

Total basepairs processed:   648,074,550 bp
Quality-trimmed:               9,285,638 bp (1.4%)
Total written (filtered):    271,427,680 bp (41.9%)

=== Adapter 1 ===

Sequence: AGATCGGAAGAGC; Type: regular 3'; Length: 13; Trimmed: 3652652 times

Minimum overlap: 1
No. of allowed errors:
1-9 bp: 0; 10-13 bp: 1

Bases preceding removed adapters:
  A: 3.3%
  C: 91.1%
  G: 1.6%
  T: 4.0%
  none/other: 0.0%
WARNING:
    The adapter is preceded by 'C' extremely often.
    The provided adapter sequence could be incomplete at its 5' end.
    Ignore this warning when trimming primers.

Overview of removed sequences
length	count	expect	max.err	error counts
1	264268	1080124.2	0	264268
2	41135	270031.1	0	41135
3	23420	67507.8	0	23420
4	16893	16876.9	0	16893
5	1207	4219.2	0	1207
6	2393	1054.8	0	2393
7	2378	263.7	0	2378
8	3208	65.9	0	3208
9	5137	16.5	0	5117 20
10	1916	4.1	1	1660 256
11	6948	1.0	1	6590 358
12	3543	0.3	1	3326 217
13	1025	0.1	1	855 170
14	1799	0.1	1	1580 219
15	8450	0.1	1	7831 619
16	839	0.1	1	538 301
17	1837	0.1	1	1565 272
18	8200	0.1	1	7436 764
19	9580	0.1	1	8578 1002
20	5466	0.1	1	4733 733
21	2255	0.1	1	1831 424
22	1383	0.1	1	1059 324
23	1947	0.1	1	1602 345
24	3778	0.1	1	3212 566
25	1437	0.1	1	1181 256
26	3124	0.1	1	2734 390
27	12473	0.1	1	11657 816
28	1432	0.1	1	1105 327
29	4546	0.1	1	4100 446
30	1585	0.1	1	1244 341
31	1919	0.1	1	1613 306
32	946	0.1	1	675 271
33	2755	0.1	1	2454 301
34	13662	0.1	1	12696 966
35	2251	0.1	1	1922 329
36	2614	0.1	1	2301 313
37	1690	0.1	1	1352 338
38	2239	0.1	1	1858 381
39	2547	0.1	1	2232 315
40	786	0.1	1	602 184
41	4080	0.1	1	3659 421
42	769	0.1	1	575 194
43	4553	0.1	1	4183 370
44	768	0.1	1	556 212
45	6881	0.1	1	6282 599
46	2516	0.1	1	2184 332
47	1823	0.1	1	1579 244
48	5653	0.1	1	5305 348
49	3652	0.1	1	3376 276
50	1355	0.1	1	1174 181
51	2883	0.1	1	2608 275
52	2174	0.1	1	1834 340
53	2891	0.1	1	2624 267
54	1337	0.1	1	1110 227
55	3632	0.1	1	3273 359
56	1364	0.1	1	1135 229
57	2765	0.1	1	2466 299
58	4280	0.1	1	3884 396
59	2904	0.1	1	2529 375
60	2880	0.1	1	2550 330
61	2023	0.1	1	1699 324
62	1882	0.1	1	1624 258
63	2178	0.1	1	1918 260
64	2898	0.1	1	2602 296
65	2239	0.1	1	1937 302
66	2593	0.1	1	2296 297
67	2034	0.1	1	1744 290
68	4364	0.1	1	3902 462
69	2280	0.1	1	2002 278
70	7616	0.1	1	6972 644
71	4062	0.1	1	3626 436
72	5602	0.1	1	5153 449
73	6616	0.1	1	6028 588
74	6816	0.1	1	6175 641
75	10053	0.1	1	9243 810
76	3516	0.1	1	3076 440
77	2205	0.1	1	1895 310
78	2585	0.1	1	2274 311
79	4176	0.1	1	3810 366
80	4985	0.1	1	4567 418
81	5328	0.1	1	4884 444
82	6037	0.1	1	5506 531
83	6120	0.1	1	5633 487
84	6780	0.1	1	6226 554
85	7039	0.1	1	6448 591
86	8485	0.1	1	7812 673
87	8908	0.1	1	8153 755
88	10030	0.1	1	9271 759
89	11711	0.1	1	10808 903
90	12576	0.1	1	11592 984
91	14084	0.1	1	13156 928
92	16207	0.1	1	15171 1036
93	18534	0.1	1	17455 1079
94	20976	0.1	1	19734 1242
95	23467	0.1	1	22056 1411
96	25560	0.1	1	24181 1379
97	26411	0.1	1	24982 1429
98	27886	0.1	1	26477 1409
99	28296	0.1	1	26791 1505
100	28084	0.1	1	26596 1488
101	28045	0.1	1	26713 1332
102	27466	0.1	1	26122 1344
103	27790	0.1	1	26602 1188
104	28295	0.1	1	27132 1163
105	29908	0.1	1	28658 1250
106	32857	0.1	1	31637 1220
107	37083	0.1	1	35753 1330
108	42300	0.1	1	40913 1387
109	49164	0.1	1	47686 1478
110	57949	0.1	1	56234 1715
111	67425	0.1	1	65450 1975
112	79526	0.1	1	77370 2156
113	92070	0.1	1	89658 2412
114	106481	0.1	1	103820 2661
115	122390	0.1	1	119500 2890
116	139268	0.1	1	136108 3160
117	154606	0.1	1	151477 3129
118	163074	0.1	1	160014 3060
119	158455	0.1	1	155494 2961
120	144571	0.1	1	141647 2924
121	123508	0.1	1	120930 2578
122	89861	0.1	1	87634 2227
123	75299	0.1	1	73202 2097
124	70931	0.1	1	68798 2133
125	70990	0.1	1	68756 2234
126	72708	0.1	1	70450 2258
127	75941	0.1	1	73641 2300
128	78868	0.1	1	76423 2445
129	81970	0.1	1	79348 2622
130	79832	0.1	1	77219 2613
131	73048	0.1	1	70586 2462
132	60988	0.1	1	58839 2149
133	49169	0.1	1	47305 1864
134	41120	0.1	1	39498 1622
135	35257	0.1	1	33704 1553
136	19608	0.1	1	18500 1108
137	13492	0.1	1	12578 914
138	8702	0.1	1	8019 683
139	5875	0.1	1	5317 558
140	4311	0.1	1	3848 463
141	2828	0.1	1	2441 387
142	874	0.1	1	687 187
143	483	0.1	1	337 146
144	233	0.1	1	108 125
145	138	0.1	1	26 112
146	132	0.1	1	23 109
147	135	0.1	1	18 117
148	107	0.1	1	24 83
149	51	0.1	1	6 45
150	57	0.1	1	1 56


WARNING:
    One or more of your adapter sequences may be incomplete.
    Please see the detailed output above.

RUN STATISTICS FOR INPUT FILE: 01.demul_fastq_snakemake/scNH_WBC_5_S5.GCCAAT.R2.fastq.gz
=============================================
4320497 sequences processed in total
The length threshold of paired-end sequences gets evaluated later on (in the validation step)

Validate paired-end files scNH_WBC_5_S5.GCCAAT.R1_trimmed.fq.gz and scNH_WBC_5_S5.GCCAAT.R2_trimmed.fq.gz
file_1: scNH_WBC_5_S5.GCCAAT.R1_trimmed.fq.gz, file_2: scNH_WBC_5_S5.GCCAAT.R2_trimmed.fq.gz


>>>>> Now validing the length of the 2 paired-end infiles: scNH_WBC_5_S5.GCCAAT.R1_trimmed.fq.gz and scNH_WBC_5_S5.GCCAAT.R2_trimmed.fq.gz <<<<<
Writing validated paired-end Read 1 reads to scNH_WBC_5_S5.GCCAAT.R1_val_1.fq.gz
Writing validated paired-end Read 2 reads to scNH_WBC_5_S5.GCCAAT.R2_val_2.fq.gz

Total number of sequences analysed: 4320497

Number of sequence pairs removed because at least one read was shorter than the length cutoff (20 bp): 2735612 (63.32%)


  >>> Now running FastQC on the validated data scNH_WBC_5_S5.GCCAAT.R1_val_1.fq.gz<<<

Started analysis of scNH_WBC_5_S5.GCCAAT.R1_val_1.fq.gz
Approx 5% complete for scNH_WBC_5_S5.GCCAAT.R1_val_1.fq.gz
Approx 10% complete for scNH_WBC_5_S5.GCCAAT.R1_val_1.fq.gz
Approx 15% complete for scNH_WBC_5_S5.GCCAAT.R1_val_1.fq.gz
Approx 20% complete for scNH_WBC_5_S5.GCCAAT.R1_val_1.fq.gz
Approx 25% complete for scNH_WBC_5_S5.GCCAAT.R1_val_1.fq.gz
Approx 30% complete for scNH_WBC_5_S5.GCCAAT.R1_val_1.fq.gz
Approx 35% complete for scNH_WBC_5_S5.GCCAAT.R1_val_1.fq.gz
Approx 40% complete for scNH_WBC_5_S5.GCCAAT.R1_val_1.fq.gz
Approx 45% complete for scNH_WBC_5_S5.GCCAAT.R1_val_1.fq.gz
Approx 50% complete for scNH_WBC_5_S5.GCCAAT.R1_val_1.fq.gz
Approx 55% complete for scNH_WBC_5_S5.GCCAAT.R1_val_1.fq.gz
Approx 60% complete for scNH_WBC_5_S5.GCCAAT.R1_val_1.fq.gz
Approx 65% complete for scNH_WBC_5_S5.GCCAAT.R1_val_1.fq.gz
Approx 70% complete for scNH_WBC_5_S5.GCCAAT.R1_val_1.fq.gz
Approx 75% complete for scNH_WBC_5_S5.GCCAAT.R1_val_1.fq.gz
Approx 80% complete for scNH_WBC_5_S5.GCCAAT.R1_val_1.fq.gz
Approx 85% complete for scNH_WBC_5_S5.GCCAAT.R1_val_1.fq.gz
Approx 90% complete for scNH_WBC_5_S5.GCCAAT.R1_val_1.fq.gz
Approx 95% complete for scNH_WBC_5_S5.GCCAAT.R1_val_1.fq.gz

  >>> Now running FastQC on the validated data scNH_WBC_5_S5.GCCAAT.R2_val_2.fq.gz<<<

Started analysis of scNH_WBC_5_S5.GCCAAT.R2_val_2.fq.gz
Approx 5% complete for scNH_WBC_5_S5.GCCAAT.R2_val_2.fq.gz
Approx 10% complete for scNH_WBC_5_S5.GCCAAT.R2_val_2.fq.gz
Approx 15% complete for scNH_WBC_5_S5.GCCAAT.R2_val_2.fq.gz
Approx 20% complete for scNH_WBC_5_S5.GCCAAT.R2_val_2.fq.gz
Approx 25% complete for scNH_WBC_5_S5.GCCAAT.R2_val_2.fq.gz
Approx 30% complete for scNH_WBC_5_S5.GCCAAT.R2_val_2.fq.gz
Approx 35% complete for scNH_WBC_5_S5.GCCAAT.R2_val_2.fq.gz
Approx 40% complete for scNH_WBC_5_S5.GCCAAT.R2_val_2.fq.gz
Approx 45% complete for scNH_WBC_5_S5.GCCAAT.R2_val_2.fq.gz
Approx 50% complete for scNH_WBC_5_S5.GCCAAT.R2_val_2.fq.gz
Approx 55% complete for scNH_WBC_5_S5.GCCAAT.R2_val_2.fq.gz
Approx 60% complete for scNH_WBC_5_S5.GCCAAT.R2_val_2.fq.gz
Approx 65% complete for scNH_WBC_5_S5.GCCAAT.R2_val_2.fq.gz
Approx 70% complete for scNH_WBC_5_S5.GCCAAT.R2_val_2.fq.gz
Approx 75% complete for scNH_WBC_5_S5.GCCAAT.R2_val_2.fq.gz
Approx 80% complete for scNH_WBC_5_S5.GCCAAT.R2_val_2.fq.gz
Approx 85% complete for scNH_WBC_5_S5.GCCAAT.R2_val_2.fq.gz
Approx 90% complete for scNH_WBC_5_S5.GCCAAT.R2_val_2.fq.gz
Approx 95% complete for scNH_WBC_5_S5.GCCAAT.R2_val_2.fq.gz
Deleting both intermediate output files scNH_WBC_5_S5.GCCAAT.R1_trimmed.fq.gz and scNH_WBC_5_S5.GCCAAT.R2_trimmed.fq.gz

====================================================================================================

