Using an excessive number of cores has a diminishing return! It is recommended not to exceed 8 cores per trimming process (you asked for 8 cores). Please consider re-specifying
Path to Cutadapt set as: 'cutadapt' (default)
Cutadapt seems to be working fine (tested command 'cutadapt --version')
Cutadapt version: 4.9
Could not detect version of Python used by Cutadapt from the first line of Cutadapt (but found this: >>>#!/bin/sh<<<)
Letting the (modified) Cutadapt deal with the Python version instead
Parallel gzip (pigz) detected. Proceeding with multicore (de)compression using 8 cores

No quality encoding type selected. Assuming that the data provided uses Sanger encoded Phred scores (default)

Output will be written into the directory: /projects/b1198/epifluidlab/eric/projects/scnomehic_opt/03.trimmed_fastq_snakemake/


AUTO-DETECTING ADAPTER TYPE
===========================
Attempting to auto-detect adapter type from the first 1 million sequences of the first file (>> 01.demul_fastq_snakemake/scNH_WBC_6_S6.CGATGT.R1.fastq.gz <<)

Found perfect matches for the following adapter sequences:
Adapter type	Count	Sequence	Sequences analysed	Percentage
Illumina	651366	AGATCGGAAGAGC	1000000	65.14
Nextera	4	CTGTCTCTTATA	1000000	0.00
smallRNA	0	TGGAATTCTCGG	1000000	0.00
Using Illumina adapter for trimming (count: 651366). Second best hit was Nextera (count: 4)

Writing report to '/projects/b1198/epifluidlab/eric/projects/scnomehic_opt/03.trimmed_fastq_snakemake/scNH_WBC_6_S6.CGATGT.R1.fastq.gz_trimming_report.txt'

SUMMARISING RUN PARAMETERS
==========================
Input filename: 01.demul_fastq_snakemake/scNH_WBC_6_S6.CGATGT.R1.fastq.gz
Trimming mode: paired-end
Trim Galore version: 0.6.7
Cutadapt version: 4.9
Python version: could not detect
Number of cores used for trimming: 8
Quality Phred score cutoff: 20
Quality encoding type selected: ASCII+33
Adapter sequence: 'AGATCGGAAGAGC' (Illumina TruSeq, Sanger iPCR; auto-detected)
Maximum trimming error rate: 0.1 (default)
Minimum required adapter overlap (stringency): 1 bp
Minimum required sequence length for both reads before a sequence pair gets removed: 20 bp
All Read 1 sequences will be trimmed by 15 bp from their 5' end to avoid poor qualities or biases
All Read 2 sequences will be trimmed by 15 bp from their 5' end to avoid poor qualities or biases (e.g. M-bias for BS-Seq applications)
All Read 1 sequences will be trimmed by 5 bp from their 3' end to avoid poor qualities or biases
All Read 2 sequences will be trimmed by 5 bp from their 3' end to avoid poor qualities or biases
Running FastQC on the data once trimming has completed
Running FastQC with the following extra arguments: '--outdir 02.fastqc_out_snakemake -t 32'
Output file(s) will be GZIP compressed

Cutadapt seems to be fairly up-to-date (version 4.9). Setting -j 8
Writing final adapter and quality trimmed output to scNH_WBC_6_S6.CGATGT.R1_trimmed.fq.gz


  >>> Now performing quality (cutoff '-q 20') and adapter trimming in a single pass for the adapter sequence: 'AGATCGGAAGAGC' from file 01.demul_fastq_snakemake/scNH_WBC_6_S6.CGATGT.R1.fastq.gz <<< 
This is cutadapt 4.9 with Python 3.12.3
Command line parameters: -j 8 -e 0.1 -q 20 -O 1 -a AGATCGGAAGAGC 01.demul_fastq_snakemake/scNH_WBC_6_S6.CGATGT.R1.fastq.gz
Processing single-end reads on 8 cores ...
Finished in 11.278 s (2.559 µs/read; 23.45 M reads/minute).

=== Summary ===

Total reads processed:               4,407,371
Reads with adapters:                 3,597,514 (81.6%)
Reads written (passing filters):     4,407,371 (100.0%)

Total basepairs processed:   630,254,053 bp
Quality-trimmed:               6,816,994 bp (1.1%)
Total written (filtered):    298,030,332 bp (47.3%)

=== Adapter 1 ===

Sequence: AGATCGGAAGAGC; Type: regular 3'; Length: 13; Trimmed: 3597514 times

Minimum overlap: 1
No. of allowed errors:
1-9 bp: 0; 10-13 bp: 1

Bases preceding removed adapters:
  A: 11.1%
  C: 66.9%
  G: 3.3%
  T: 18.7%
  none/other: 0.0%

Overview of removed sequences
length	count	expect	max.err	error counts
1	679142	1101842.8	0	679142
2	2149	275460.7	0	2149
3	8655	68865.2	0	8655
4	5444	17216.3	0	5444
5	10533	4304.1	0	10533
6	350	1076.0	0	350
7	272	269.0	0	272
8	2590	67.3	0	2590
9	4627	16.8	0	4626 1
10	350	4.2	1	289 61
11	3686	1.1	1	3483 203
12	395	0.3	1	332 63
13	3014	0.1	1	2732 282
14	2695	0.1	1	2556 139
15	3163	0.1	1	2865 298
16	2918	0.1	1	2704 214
17	5770	0.1	1	5409 361
18	737	0.1	1	598 139
19	2391	0.1	1	2101 290
20	3938	0.1	1	3641 297
21	4037	0.1	1	3549 488
22	511	0.1	1	407 104
23	2634	0.1	1	2473 161
24	2313	0.1	1	2208 105
25	3309	0.1	1	3087 222
26	1824	0.1	1	1654 170
27	2965	0.1	1	2730 235
28	3412	0.1	1	3022 390
29	4941	0.1	1	4657 284
30	488	0.1	1	395 93
31	2137	0.1	1	1959 178
32	3075	0.1	1	2756 319
33	2666	0.1	1	2436 230
34	3718	0.1	1	3400 318
35	9897	0.1	1	9099 798
36	863	0.1	1	732 131
37	618	0.1	1	520 98
38	2167	0.1	1	1959 208
39	4206	0.1	1	3944 262
40	701	0.1	1	595 106
41	2207	0.1	1	2044 163
42	3379	0.1	1	3105 274
43	3155	0.1	1	2873 282
44	14222	0.1	1	13142 1080
45	2705	0.1	1	2415 290
46	15215	0.1	1	14362 853
47	3396	0.1	1	3102 294
48	1257	0.1	1	1127 130
49	1555	0.1	1	1414 141
50	1155	0.1	1	1011 144
51	1687	0.1	1	1533 154
52	1911	0.1	1	1738 173
53	2045	0.1	1	1787 258
54	1034	0.1	1	888 146
55	1069	0.1	1	892 177
56	2105	0.1	1	1747 358
57	1381	0.1	1	1149 232
58	1901	0.1	1	1568 333
59	2680	0.1	1	2281 399
60	1941	0.1	1	1637 304
61	2133	0.1	1	1810 323
62	2925	0.1	1	2549 376
63	2044	0.1	1	1770 274
64	2357	0.1	1	2032 325
65	3140	0.1	1	2757 383
66	5499	0.1	1	5080 419
67	11033	0.1	1	10602 431
68	3715	0.1	1	3414 301
69	1547	0.1	1	1322 225
70	1421	0.1	1	1199 222
71	1588	0.1	1	1370 218
72	1609	0.1	1	1421 188
73	1455	0.1	1	1292 163
74	1279	0.1	1	1127 152
75	1093	0.1	1	938 155
76	1095	0.1	1	944 151
77	1410	0.1	1	1222 188
78	1675	0.1	1	1503 172
79	2041	0.1	1	1856 185
80	2273	0.1	1	2045 228
81	2599	0.1	1	2352 247
82	2754	0.1	1	2467 287
83	3142	0.1	1	2838 304
84	3571	0.1	1	3280 291
85	4047	0.1	1	3691 356
86	4717	0.1	1	4306 411
87	5288	0.1	1	4855 433
88	6131	0.1	1	5584 547
89	7381	0.1	1	6747 634
90	8110	0.1	1	7498 612
91	9138	0.1	1	8553 585
92	10096	0.1	1	9419 677
93	10883	0.1	1	10237 646
94	11789	0.1	1	11167 622
95	12587	0.1	1	11995 592
96	12874	0.1	1	12335 539
97	13462	0.1	1	12909 553
98	14147	0.1	1	13587 560
99	14325	0.1	1	13760 565
100	15166	0.1	1	14534 632
101	15848	0.1	1	15118 730
102	16975	0.1	1	16219 756
103	18206	0.1	1	17178 1028
104	20479	0.1	1	19212 1267
105	23664	0.1	1	22247 1417
106	28194	0.1	1	26438 1756
107	33716	0.1	1	32050 1666
108	41002	0.1	1	39472 1530
109	49467	0.1	1	47953 1514
110	60050	0.1	1	58561 1489
111	72174	0.1	1	70248 1926
112	85968	0.1	1	83795 2173
113	100011	0.1	1	97581 2430
114	113997	0.1	1	111680 2317
115	128625	0.1	1	126472 2153
116	139653	0.1	1	137554 2099
117	144895	0.1	1	142707 2188
118	141371	0.1	1	139313 2058
119	128439	0.1	1	126533 1906
120	109676	0.1	1	107957 1719
121	89194	0.1	1	87695 1499
122	79390	0.1	1	77836 1554
123	76282	0.1	1	74524 1758
124	76963	0.1	1	74690 2273
125	78970	0.1	1	76271 2699
126	81208	0.1	1	77770 3438
127	81691	0.1	1	77300 4391
128	82375	0.1	1	76459 5916
129	80448	0.1	1	74109 6339
130	79715	0.1	1	67278 12437
131	64119	0.1	1	56450 7669
132	49279	0.1	1	44730 4549
133	40688	0.1	1	35723 4965
134	32985	0.1	1	29614 3371
135	17063	0.1	1	15165 1898
136	11443	0.1	1	10198 1245
137	6890	0.1	1	6321 569
138	4133	0.1	1	3741 392
139	2288	0.1	1	2101 187
140	886	0.1	1	790 96
141	198	0.1	1	140 58
142	44	0.1	1	24 20
143	12	0.1	1	1 11

RUN STATISTICS FOR INPUT FILE: 01.demul_fastq_snakemake/scNH_WBC_6_S6.CGATGT.R1.fastq.gz
=============================================
4407371 sequences processed in total
The length threshold of paired-end sequences gets evaluated later on (in the validation step)

Writing report to '/projects/b1198/epifluidlab/eric/projects/scnomehic_opt/03.trimmed_fastq_snakemake/scNH_WBC_6_S6.CGATGT.R2.fastq.gz_trimming_report.txt'

SUMMARISING RUN PARAMETERS
==========================
Input filename: 01.demul_fastq_snakemake/scNH_WBC_6_S6.CGATGT.R2.fastq.gz
Trimming mode: paired-end
Trim Galore version: 0.6.7
Cutadapt version: 4.9
Python version: could not detect
Number of cores used for trimming: 8
Quality Phred score cutoff: 20
Quality encoding type selected: ASCII+33
Adapter sequence: 'AGATCGGAAGAGC' (Illumina TruSeq, Sanger iPCR; auto-detected)
Maximum trimming error rate: 0.1 (default)
Minimum required adapter overlap (stringency): 1 bp
Minimum required sequence length for both reads before a sequence pair gets removed: 20 bp
All Read 1 sequences will be trimmed by 15 bp from their 5' end to avoid poor qualities or biases
All Read 2 sequences will be trimmed by 15 bp from their 5' end to avoid poor qualities or biases (e.g. M-bias for BS-Seq applications)
All Read 1 sequences will be trimmed by 5 bp from their 3' end to avoid poor qualities or biases
All Read 2 sequences will be trimmed by 5 bp from their 3' end to avoid poor qualities or biases
Running FastQC on the data once trimming has completed
Running FastQC with the following extra arguments: '--outdir 02.fastqc_out_snakemake -t 32'
Output file(s) will be GZIP compressed

Cutadapt seems to be fairly up-to-date (version 4.9). Setting -j -j 8
Writing final adapter and quality trimmed output to scNH_WBC_6_S6.CGATGT.R2_trimmed.fq.gz


  >>> Now performing quality (cutoff '-q 20') and adapter trimming in a single pass for the adapter sequence: 'AGATCGGAAGAGC' from file 01.demul_fastq_snakemake/scNH_WBC_6_S6.CGATGT.R2.fastq.gz <<< 
This is cutadapt 4.9 with Python 3.12.3
Command line parameters: -j 8 -e 0.1 -q 20 -O 1 -a AGATCGGAAGAGC 01.demul_fastq_snakemake/scNH_WBC_6_S6.CGATGT.R2.fastq.gz
Processing single-end reads on 8 cores ...
Finished in 13.302 s (3.018 µs/read; 19.88 M reads/minute).

=== Summary ===

Total reads processed:               4,407,371
Reads with adapters:                 3,402,073 (77.2%)
Reads written (passing filters):     4,407,371 (100.0%)

Total basepairs processed:   661,105,650 bp
Quality-trimmed:              10,130,567 bp (1.5%)
Total written (filtered):    330,254,541 bp (50.0%)

=== Adapter 1 ===

Sequence: AGATCGGAAGAGC; Type: regular 3'; Length: 13; Trimmed: 3402073 times

Minimum overlap: 1
No. of allowed errors:
1-9 bp: 0; 10-13 bp: 1

Bases preceding removed adapters:
  A: 5.3%
  C: 1.0%
  G: 86.9%
  T: 6.9%
  none/other: 0.0%
WARNING:
    The adapter is preceded by 'G' extremely often.
    The provided adapter sequence could be incomplete at its 5' end.
    Ignore this warning when trimming primers.

Overview of removed sequences
length	count	expect	max.err	error counts
1	416126	1101842.8	0	416126
2	70558	275460.7	0	70558
3	35127	68865.2	0	35127
4	21960	17216.3	0	21960
5	1048	4304.1	0	1048
6	2038	1076.0	0	2038
7	1903	269.0	0	1903
8	2978	67.3	0	2978
9	5574	16.8	0	5540 34
10	1895	4.2	1	1571 324
11	7031	1.1	1	6635 396
12	3573	0.3	1	3262 311
13	913	0.1	1	727 186
14	1726	0.1	1	1456 270
15	8294	0.1	1	7551 743
16	911	0.1	1	602 309
17	1801	0.1	1	1459 342
18	8030	0.1	1	7108 922
19	9960	0.1	1	8801 1159
20	4971	0.1	1	4208 763
21	2483	0.1	1	1928 555
22	1488	0.1	1	1109 379
23	1845	0.1	1	1413 432
24	3765	0.1	1	3060 705
25	1393	0.1	1	1098 295
26	3111	0.1	1	2681 430
27	11703	0.1	1	10800 903
28	1462	0.1	1	1122 340
29	7256	0.1	1	6613 643
30	2381	0.1	1	1990 391
31	2049	0.1	1	1728 321
32	1205	0.1	1	946 259
33	3661	0.1	1	3147 514
34	2213	0.1	1	1888 325
35	1451	0.1	1	1195 256
36	1816	0.1	1	1498 318
37	2440	0.1	1	2089 351
38	906	0.1	1	658 248
39	2172	0.1	1	1892 280
40	5592	0.1	1	5008 584
41	977	0.1	1	743 234
42	958	0.1	1	742 216
43	4624	0.1	1	4179 445
44	730	0.1	1	539 191
45	6247	0.1	1	5654 593
46	2214	0.1	1	1882 332
47	1714	0.1	1	1445 269
48	5166	0.1	1	4812 354
49	2813	0.1	1	2543 270
50	1215	0.1	1	1000 215
51	2461	0.1	1	2121 340
52	1955	0.1	1	1638 317
53	2693	0.1	1	2402 291
54	1256	0.1	1	1031 225
55	4478	0.1	1	4017 461
56	1275	0.1	1	1094 181
57	2271	0.1	1	1982 289
58	4002	0.1	1	3573 429
59	2420	0.1	1	2132 288
60	2587	0.1	1	2292 295
61	1663	0.1	1	1420 243
62	1760	0.1	1	1548 212
63	2029	0.1	1	1772 257
64	2591	0.1	1	2317 274
65	1885	0.1	1	1641 244
66	2136	0.1	1	1862 274
67	1820	0.1	1	1545 275
68	2903	0.1	1	2571 332
69	1807	0.1	1	1594 213
70	5667	0.1	1	5164 503
71	3375	0.1	1	3035 340
72	4308	0.1	1	3906 402
73	4932	0.1	1	4484 448
74	4897	0.1	1	4474 423
75	5874	0.1	1	5415 459
76	2311	0.1	1	2050 261
77	1158	0.1	1	1020 138
78	1489	0.1	1	1292 197
79	2291	0.1	1	2032 259
80	2869	0.1	1	2590 279
81	3251	0.1	1	2927 324
82	3454	0.1	1	3110 344
83	3580	0.1	1	3262 318
84	3987	0.1	1	3587 400
85	4161	0.1	1	3766 395
86	4842	0.1	1	4404 438
87	5189	0.1	1	4700 489
88	5660	0.1	1	5183 477
89	6256	0.1	1	5700 556
90	7007	0.1	1	6435 572
91	7515	0.1	1	6921 594
92	8533	0.1	1	7891 642
93	9469	0.1	1	8820 649
94	10538	0.1	1	9838 700
95	11582	0.1	1	10844 738
96	12650	0.1	1	11910 740
97	12775	0.1	1	12081 694
98	13487	0.1	1	12738 749
99	14381	0.1	1	13641 740
100	14426	0.1	1	13717 709
101	15508	0.1	1	14763 745
102	16471	0.1	1	15693 778
103	17834	0.1	1	17144 690
104	19124	0.1	1	18355 769
105	21604	0.1	1	20775 829
106	25235	0.1	1	24323 912
107	29804	0.1	1	28722 1082
108	36026	0.1	1	34767 1259
109	44048	0.1	1	42475 1573
110	52918	0.1	1	51024 1894
111	63290	0.1	1	61110 2180
112	74580	0.1	1	72166 2414
113	87199	0.1	1	84507 2692
114	99992	0.1	1	97061 2931
115	113410	0.1	1	110288 3122
116	127737	0.1	1	124237 3500
117	137766	0.1	1	134311 3455
118	142354	0.1	1	139084 3270
119	138942	0.1	1	135787 3155
120	125758	0.1	1	122858 2900
121	107316	0.1	1	104851 2465
122	87504	0.1	1	85357 2147
123	77751	0.1	1	75695 2056
124	74653	0.1	1	72537 2116
125	74484	0.1	1	72429 2055
126	75877	0.1	1	73771 2106
127	77442	0.1	1	75290 2152
128	77015	0.1	1	74827 2188
129	76005	0.1	1	73734 2271
130	73492	0.1	1	71334 2158
131	66313	0.1	1	64281 2032
132	55742	0.1	1	54054 1688
133	44373	0.1	1	42951 1422
134	35609	0.1	1	34442 1167
135	29582	0.1	1	28526 1056
136	15245	0.1	1	14640 605
137	10361	0.1	1	9899 462
138	6546	0.1	1	6220 326
139	3953	0.1	1	3666 287
140	2332	0.1	1	2162 170
141	933	0.1	1	824 109
142	214	0.1	1	161 53
143	71	0.1	1	35 36
144	47	0.1	1	9 38
145	37	0.1	1	1 36
146	34	0.1	1	4 30
147	43	0.1	1	0 43
148	45	0.1	1	5 40
149	36	0.1	1	5 31
150	45	0.1	1	3 42


WARNING:
    One or more of your adapter sequences may be incomplete.
    Please see the detailed output above.

RUN STATISTICS FOR INPUT FILE: 01.demul_fastq_snakemake/scNH_WBC_6_S6.CGATGT.R2.fastq.gz
=============================================
4407371 sequences processed in total
The length threshold of paired-end sequences gets evaluated later on (in the validation step)

Validate paired-end files scNH_WBC_6_S6.CGATGT.R1_trimmed.fq.gz and scNH_WBC_6_S6.CGATGT.R2_trimmed.fq.gz
file_1: scNH_WBC_6_S6.CGATGT.R1_trimmed.fq.gz, file_2: scNH_WBC_6_S6.CGATGT.R2_trimmed.fq.gz


>>>>> Now validing the length of the 2 paired-end infiles: scNH_WBC_6_S6.CGATGT.R1_trimmed.fq.gz and scNH_WBC_6_S6.CGATGT.R2_trimmed.fq.gz <<<<<
Writing validated paired-end Read 1 reads to scNH_WBC_6_S6.CGATGT.R1_val_1.fq.gz
Writing validated paired-end Read 2 reads to scNH_WBC_6_S6.CGATGT.R2_val_2.fq.gz

Total number of sequences analysed: 4407371

Number of sequence pairs removed because at least one read was shorter than the length cutoff (20 bp): 2527541 (57.35%)


  >>> Now running FastQC on the validated data scNH_WBC_6_S6.CGATGT.R1_val_1.fq.gz<<<

Started analysis of scNH_WBC_6_S6.CGATGT.R1_val_1.fq.gz
Approx 5% complete for scNH_WBC_6_S6.CGATGT.R1_val_1.fq.gz
Approx 10% complete for scNH_WBC_6_S6.CGATGT.R1_val_1.fq.gz
Approx 15% complete for scNH_WBC_6_S6.CGATGT.R1_val_1.fq.gz
Approx 20% complete for scNH_WBC_6_S6.CGATGT.R1_val_1.fq.gz
Approx 25% complete for scNH_WBC_6_S6.CGATGT.R1_val_1.fq.gz
Approx 30% complete for scNH_WBC_6_S6.CGATGT.R1_val_1.fq.gz
Approx 35% complete for scNH_WBC_6_S6.CGATGT.R1_val_1.fq.gz
Approx 40% complete for scNH_WBC_6_S6.CGATGT.R1_val_1.fq.gz
Approx 45% complete for scNH_WBC_6_S6.CGATGT.R1_val_1.fq.gz
Approx 50% complete for scNH_WBC_6_S6.CGATGT.R1_val_1.fq.gz
Approx 55% complete for scNH_WBC_6_S6.CGATGT.R1_val_1.fq.gz
Approx 60% complete for scNH_WBC_6_S6.CGATGT.R1_val_1.fq.gz
Approx 65% complete for scNH_WBC_6_S6.CGATGT.R1_val_1.fq.gz
Approx 70% complete for scNH_WBC_6_S6.CGATGT.R1_val_1.fq.gz
Approx 75% complete for scNH_WBC_6_S6.CGATGT.R1_val_1.fq.gz
Approx 80% complete for scNH_WBC_6_S6.CGATGT.R1_val_1.fq.gz
Approx 85% complete for scNH_WBC_6_S6.CGATGT.R1_val_1.fq.gz
Approx 90% complete for scNH_WBC_6_S6.CGATGT.R1_val_1.fq.gz
Approx 95% complete for scNH_WBC_6_S6.CGATGT.R1_val_1.fq.gz

  >>> Now running FastQC on the validated data scNH_WBC_6_S6.CGATGT.R2_val_2.fq.gz<<<

Started analysis of scNH_WBC_6_S6.CGATGT.R2_val_2.fq.gz
Approx 5% complete for scNH_WBC_6_S6.CGATGT.R2_val_2.fq.gz
Approx 10% complete for scNH_WBC_6_S6.CGATGT.R2_val_2.fq.gz
Approx 15% complete for scNH_WBC_6_S6.CGATGT.R2_val_2.fq.gz
Approx 20% complete for scNH_WBC_6_S6.CGATGT.R2_val_2.fq.gz
Approx 25% complete for scNH_WBC_6_S6.CGATGT.R2_val_2.fq.gz
Approx 30% complete for scNH_WBC_6_S6.CGATGT.R2_val_2.fq.gz
Approx 35% complete for scNH_WBC_6_S6.CGATGT.R2_val_2.fq.gz
Approx 40% complete for scNH_WBC_6_S6.CGATGT.R2_val_2.fq.gz
Approx 45% complete for scNH_WBC_6_S6.CGATGT.R2_val_2.fq.gz
Approx 50% complete for scNH_WBC_6_S6.CGATGT.R2_val_2.fq.gz
Approx 55% complete for scNH_WBC_6_S6.CGATGT.R2_val_2.fq.gz
Approx 60% complete for scNH_WBC_6_S6.CGATGT.R2_val_2.fq.gz
Approx 65% complete for scNH_WBC_6_S6.CGATGT.R2_val_2.fq.gz
Approx 70% complete for scNH_WBC_6_S6.CGATGT.R2_val_2.fq.gz
Approx 75% complete for scNH_WBC_6_S6.CGATGT.R2_val_2.fq.gz
Approx 80% complete for scNH_WBC_6_S6.CGATGT.R2_val_2.fq.gz
Approx 85% complete for scNH_WBC_6_S6.CGATGT.R2_val_2.fq.gz
Approx 90% complete for scNH_WBC_6_S6.CGATGT.R2_val_2.fq.gz
Approx 95% complete for scNH_WBC_6_S6.CGATGT.R2_val_2.fq.gz
Deleting both intermediate output files scNH_WBC_6_S6.CGATGT.R1_trimmed.fq.gz and scNH_WBC_6_S6.CGATGT.R2_trimmed.fq.gz

====================================================================================================

